stdout of test 'test_70` in directory 'tests/suite_02` itself:

#> Mtest:	milS test_70 milS
#> Mtest:	Mtimeout -timeout 210 Mserver -modulesilent -yaccsilent -d8 -db tests_suite_02 -single test_70.milS
# Monet Database Server V4.1
# Copyright (c) 1993-1999, CWI & SION. All rights reserved.
# compiled for IRIX646.5/32bit on Fri Jan 14 01:04:33 MET 2000.
#script:test_70.milS

loaded;
#---------------------------------#
# module	| usage_count	  #
#---------------------------------#
[ "algebra",	  1		  ]
[ "arith",	  1		  ]
[ "bat",	  1		  ]
[ "kernel",	  1		  ]
[ "str",	  1		  ]
[ "sys",	  1		  ]
[ "trans",	  1		  ]

Try: modules;                - for other modules.
     ls;                     - for persistent bat listing.
     sigs("<module>")        - for available commands per module.
     help("<command>")       - for help one-liner for a command.

#You are system administrator (adm)!
setoid(oid(2000000));
#test correct decisions in the join operation.
t:= k100_unique1.select(10,10);
t.count.print; k100_unique1.count.print;
[ 1 ]
[ 100000 ]
u:= t.copy;
printf("#~BeginVariableOutput~#\n"); cpu.print; printf("#~EndVariableOutput~#\n");
#~BeginVariableOutput~#
#-------------------------#
# BAT:		  cpu	  #
# (str)		  (int)	  #
#-------------------------#
[ "elapsed",	  0	  ]
[ "user",	  150	  ]
[ "elapuser",	  0	  ]
[ "system",	  70	  ]
[ "elapsystem",	  0	  ]
#~EndVariableOutput~#

z:= t.reverse.join(k100_unique1);
z.print;
#-----------------#
# BAT:	  tmp_62  #
# (int)	  (int)	  #
#-----------------#
[ 10,	  10	  ]
printf("#~BeginVariableOutput~#\n"); cpu.print; printf("#~EndVariableOutput~#\n");
#~BeginVariableOutput~#
#-------------------------#
# BAT:		  cpu	  #
# (str)		  (int)	  #
#-------------------------#
[ "elapsed",	  0	  ]
[ "user",	  150	  ]
[ "elapuser",	  0	  ]
[ "system",	  70	  ]
[ "elapsystem",	  0	  ]
#~EndVariableOutput~#
z:= k100_unique1.reverse.join(u);
printf("#~BeginVariableOutput~#\n"); cpu.print; printf("#~EndVariableOutput~#\n");
#~BeginVariableOutput~#
#-------------------------#
# BAT:		  cpu	  #
# (str)		  (int)	  #
#-------------------------#
[ "elapsed",	  0	  ]
[ "user",	  170	  ]
[ "elapuser",	  20	  ]
[ "system",	  70	  ]
[ "elapsystem",	  0	  ]
#~EndVariableOutput~#
z.print;
#-----------------#
# BAT:	  tmp_63  #
# (int)	  (int)	  #
#-----------------#
[ 10,	  10	  ]
quit;
