stdout of test 'test_90` in directory 'tests/suite_02` itself:

#> Mtest:	milS test_90 milS
#> Mtest:	Mtimeout -timeout 210 Mserver -modulesilent -yaccsilent -d8 -db tests_suite_02 -single test_90.milS
# Monet Database Server V4.1
# Copyright (c) 1993-1999, CWI & SION. All rights reserved.
# compiled for IRIX646.5/32bit on Fri Jan 14 01:04:33 MET 2000.
#script:test_90.milS

loaded;
#---------------------------------#
# module	| usage_count	  #
#---------------------------------#
[ "algebra",	  1		  ]
[ "arith",	  1		  ]
[ "bat",	  1		  ]
[ "kernel",	  1		  ]
[ "str",	  1		  ]
[ "sys",	  1		  ]
[ "trans",	  1		  ]

Try: modules;                - for other modules.
     ls;                     - for persistent bat listing.
     sigs("<module>")        - for available commands per module.
     help("<command>")       - for help one-liner for a command.

#You are system administrator (adm)!
setoid(oid(2000000));
#determine cost components of a join
# load("k100_unique1");

b:=k100_unique1.copy;
printf("#~BeginVariableOutput~#\n"); cpu.print; printf("#~EndVariableOutput~#\n");c:=join(b.reverse,k100_unique1);
#~BeginVariableOutput~#
#-------------------------#
# BAT:		  cpu	  #
# (str)		  (int)	  #
#-------------------------#
[ "elapsed",	  0	  ]
[ "user",	  180	  ]
[ "elapuser",	  0	  ]
[ "system",	  90	  ]
[ "elapsystem",	  0	  ]
#~EndVariableOutput~#
printf("#~BeginVariableOutput~#\n"); cpu.print; printf("#~EndVariableOutput~#\n");
#~BeginVariableOutput~#
#-------------------------#
# BAT:		  cpu	  #
# (str)		  (int)	  #
#-------------------------#
[ "elapsed",	  0	  ]
[ "user",	  280	  ]
[ "elapuser",	  100	  ]
[ "system",	  100	  ]
[ "elapsystem",	  10	  ]
#~EndVariableOutput~#
d:=join(b.reverse,k100_unique1);
printf("#~BeginVariableOutput~#\n"); cpu.print; printf("#~EndVariableOutput~#\n");
#~BeginVariableOutput~#
#-------------------------#
# BAT:		  cpu	  #
# (str)		  (int)	  #
#-------------------------#
[ "elapsed",	  0	  ]
[ "user",	  390	  ]
[ "elapuser",	  110	  ]
[ "system",	  100	  ]
[ "elapsystem",	  0	  ]
#~EndVariableOutput~#
commit;
printf("#~BeginVariableOutput~#\n"); cpu.print; printf("#~EndVariableOutput~#\n");
#~BeginVariableOutput~#
#-------------------------#
# BAT:		  cpu	  #
# (str)		  (int)	  #
#-------------------------#
[ "elapsed",	  0	  ]
[ "user",	  390	  ]
[ "elapuser",	  0	  ]
[ "system",	  110	  ]
[ "elapsystem",	  10	  ]
#~EndVariableOutput~#
printf("#~BeginVariableOutput~#\n"); memory.print; printf("#~EndVariableOutput~#\n");printf("#~BeginVariableOutput~#\n"); io.print; printf("#~EndVariableOutput~#\n");
#~BeginVariableOutput~#
#---------------------------------#
# BAT:		  mem		  #
# (str)		  (int)		  #
#---------------------------------#
[ "memincr",	  5406720	  ]
[ "arena",	  5455856	  ]
[ "ordblks",	  111		  ]
[ "smblks",	  7680		  ]
[ "hblkhd",	  15360		  ]
[ "hblks",	  480		  ]
[ "usmblks",	  311712	  ]
[ "fsmblks",	  440928	  ]
[ "uordblks",	  3747312	  ]
[ "fordblks",	  940544	  ]
#~EndVariableOutput~#
#~BeginVariableOutput~#
#-------------------------#
# BAT:		  io	  #
# (str)		  (int)	  #
#-------------------------#
[ "maxrss",	  5504	  ]
[ "minflt",	  128	  ]
[ "majflt",	  1	  ]
[ "nswap",	  0	  ]
[ "inblock",	  3	  ]
[ "oublock",	  11	  ]
[ "nvcsw",	  32	  ]
[ "ninvcsw",	  42	  ]
#~EndVariableOutput~#
quit;
