stdout of test 'no.098` in directory 'tests/BugReports` itself:

#> Mtest:	milS no.098 milS
#> Mtest:	Mtimeout -timeout 210 Mserver -modulesilent -yaccsilent -d8 -db tests_BugReports -single no.098.milS
# Monet Database Server V4.1
# Copyright (c) 1993-1999, CWI & SION. All rights reserved.
# compiled for IRIX646.5/32bit on Fri Jan 14 01:04:33 MET 2000.
#script:no.098.milS

loaded;
#---------------------------------#
# module	| usage_count	  #
#---------------------------------#
[ "algebra",	  1		  ]
[ "arith",	  1		  ]
[ "bat",	  1		  ]
[ "kernel",	  1		  ]
[ "str",	  1		  ]
[ "sys",	  1		  ]
[ "trans",	  1		  ]

Try: modules;                - for other modules.
     ls;                     - for persistent bat listing.
     sigs("<module>")        - for available commands per module.
     help("<command>")       - for help one-liner for a command.

#You are system administrator (adm)!
# >Number:         98
# >Category:       Mserver
# >Synopsis:       wrong select when a BAT contains one BUN
# >Confidential:   no
# >Severity:       critical
# >Priority:       high
# >Responsible:    boncz
# >State:          open
# >Class:          sw-bug
# >Submitter-Id:   unknown
# >Arrival-Date:   Fri Dec 12 19:56:04 1997
# >Originator:     windhouw
# >Organization:
# UvA
# >Release:        971007
# >Environment:
# 
# >Description:
# When a BAT contains only one BUN a select returns this BUN,
# even when it's not in the selection range:
# 
# #You are system administrator (adm)!
# >b:=new(oid,oid);
# >b.insert(oid(1),oid(2));
# >b.select(oid(3)).print;
# #-----------------#
# # oid   | tmp_25  #
# #-----------------#
# [ 1@0,    2@0     ]
# >b.select(oid(3)).print;
# #-----------------#
# # oid   | tmp_25  #
# #-----------------#

setoid(oid(20000000));
b:=new(oid,oid);
b.insert(oid(1),oid(2));
b.select(oid(3)).print;
#-----------------#
# BAT:	  tmp_28  #
# (oid)	  (oid)	  #
#-----------------#
b.select(oid(3)).print;
#-----------------#
# BAT:	  tmp_28  #
# (oid)	  (oid)	  #
#-----------------#
quit;
