stdout of test 'no.027` in directory 'tests/BugReports` itself:

#> Mtest:	milS no.027 milS
#> Mtest:	Mtimeout -timeout 210 Mserver -modulesilent -yaccsilent -d8 -db tests_BugReports -single no.027.milS
# Monet Database Server V4.1
# Copyright (c) 1993-1999, CWI & SION. All rights reserved.
# compiled for IRIX646.5/32bit on Fri Jan 14 01:04:33 MET 2000.
#script:no.027.milS

loaded;
#---------------------------------#
# module	| usage_count	  #
#---------------------------------#
[ "algebra",	  1		  ]
[ "arith",	  1		  ]
[ "bat",	  1		  ]
[ "kernel",	  1		  ]
[ "str",	  1		  ]
[ "sys",	  1		  ]
[ "trans",	  1		  ]

Try: modules;                - for other modules.
     ls;                     - for persistent bat listing.
     sigs("<module>")        - for available commands per module.
     help("<command>")       - for help one-liner for a command.

#You are system administrator (adm)!
# >Number:         27
# >Category:       Mserver
# >Synopsis:       Batloop.
# >Confidential:   no
# >Severity:       serious
# >Priority:       medium
# >Responsible:    boncz
# >State:          closed
# >Class:          sw-bug
# >Submitter-Id:   unknown
# >Arrival-Date:   Thu Sep 18 13:45:07 1997
# >Originator:     quak
# >Organization:
# >Release:        970101
# >Environment:
# All
# >Description:
# The following program should work (I think).
# 
# > b := new(int,int);
# > b.insert(1,2);
# > b@batloop(){$h.print;}
#  It doesn't

b := new(int,int);
b.insert(1,2);
b@batloop(){$h.print;}
[ 1 ]
quit;
