stdout of test 'no.016` in directory 'tests/BugReports` itself:

#> Mtest:	milS no.016 milS
#> Mtest:	Mtimeout -timeout 210 Mserver -modulesilent -yaccsilent -d8 -db tests_BugReports -single no.016.milS
# Monet Database Server V4.1
# Copyright (c) 1993-1999, CWI & SION. All rights reserved.
# compiled for IRIX646.5/32bit on Fri Jan 14 01:04:33 MET 2000.
#script:no.016.milS

loaded;
#---------------------------------#
# module	| usage_count	  #
#---------------------------------#
[ "algebra",	  1		  ]
[ "arith",	  1		  ]
[ "bat",	  1		  ]
[ "kernel",	  1		  ]
[ "str",	  1		  ]
[ "sys",	  1		  ]
[ "trans",	  1		  ]

Try: modules;                - for other modules.
     ls;                     - for persistent bat listing.
     sigs("<module>")        - for available commands per module.
     help("<command>")       - for help one-liner for a command.

#You are system administrator (adm)!
# >Number:         16
# >Category:       MIL
# >Synopsis:       MIL: sample, does not handle empty BAT
# >Confidential:   no
# >Severity:       serious
# >Priority:       medium
# >Responsible:    boncz
# >State:          closed
# >Class:          sw-bug
# >Submitter-Id:   unknown
# >Arrival-Date:   Wed Jul 16 15:00:00 1997
# >Originator:     jonas
# >Organization:
# >Release:        970101
# >Environment:
# general/IRIX monet3.0.6
# >Description:
# >a := new(int, int);
# >a.sample(1).print;
# !FATAL GDKmalloc called with size 0

a := new(int, int);
a.sample(1).print;
#-----------------#
# BAT:	  tmp_26  #
# (int)	  (int)	  #
#-----------------#
quit;
