stdout of test 'no.031` in directory 'tests/BugReports` itself:

#> Mtest:	milS no.031 milS
#> Mtest:	Mtimeout -timeout 210 Mserver -modulesilent -yaccsilent -d8 -db tests_BugReports -single no.031.milS
# Monet Database Server V4.1
# Copyright (c) 1993-1999, CWI & SION. All rights reserved.
# compiled for IRIX646.5/32bit on Fri Jan 14 01:04:33 MET 2000.
#script:no.031.milS

loaded;
#---------------------------------#
# module	| usage_count	  #
#---------------------------------#
[ "algebra",	  1		  ]
[ "arith",	  1		  ]
[ "bat",	  1		  ]
[ "kernel",	  1		  ]
[ "str",	  1		  ]
[ "sys",	  1		  ]
[ "trans",	  1		  ]

Try: modules;                - for other modules.
     ls;                     - for persistent bat listing.
     sigs("<module>")        - for available commands per module.
     help("<command>")       - for help one-liner for a command.

#You are system administrator (adm)!
# >Number:         31
# >Category:       Mserver
# >Synopsis:       Import does not work.
# >Confidential:   no
# >Severity:       serious
# >Priority:       medium
# >Responsible:    quak
# >State:          closed
# >Class:          sw-bug
# >Submitter-Id:   unknown
# >Arrival-Date:   Fri Sep 19 16:00:42 1997
# >Originator:     quak
# >Organization:
# >Release:        970101
# >Environment:
# ALL
# >Description:
# The following script, which creates a bat exports
# it and then tries to import it again fails:
# 
# > a := new(int,int);
# > a.insert(1,1);
# > a.export("/home/quak/tmp/testt");
# > b := new(int,int);
# > b.import("/home/quak/tmp/testt");

a := new(int,int);
a.insert(1,1);
a.print;
#-----------------#
# BAT:	  tmp_25  #
# (int)	  (int)	  #
#-----------------#
[ 1,	  1	  ]
a.export("/tmp/testt");
b := new(int,int);
b.import("/tmp/testt");
b.print;
#-----------------#
# BAT:	  tmp_26  #
# (int)	  (int)	  #
#-----------------#
[ 1,	  1	  ]
quit;
