stdout of test 'no.024` in directory 'tests/BugReports` itself:

#> Mtest:	milS no.024 milS
#> Mtest:	Mtimeout -timeout 210 Mserver -modulesilent -yaccsilent -d8 -db tests_BugReports -single no.024.milS
# Monet Database Server V4.1
# Copyright (c) 1993-1999, CWI & SION. All rights reserved.
# compiled for IRIX646.5/32bit on Fri Jan 14 01:04:33 MET 2000.
#script:no.024.milS

loaded;
#---------------------------------#
# module	| usage_count	  #
#---------------------------------#
[ "algebra",	  1		  ]
[ "arith",	  1		  ]
[ "bat",	  1		  ]
[ "kernel",	  1		  ]
[ "str",	  1		  ]
[ "sys",	  1		  ]
[ "trans",	  1		  ]

Try: modules;                - for other modules.
     ls;                     - for persistent bat listing.
     sigs("<module>")        - for available commands per module.
     help("<command>")       - for help one-liner for a command.

#You are system administrator (adm)!
# >Number:         24
# >Category:       MIL
# >Synopsis:       Assignment in proc
# >Confidential:   no
# >Severity:       serious
# >Priority:       high
# >Responsible:    boncz
# >State:          closed
# >Class:          sw-bug
# >Submitter-Id:   unknown
# >Arrival-Date:   Sun Aug 31 09:45:04 1997
# >Originator:     mk
# >Organization:
# >Release:        970101
# >Environment:
# SGI
# >Description:
# #SCRIPT
# > b:= new(int,int);
# > proc error1(B):= {
# >         B.insert(1,2);
# >         B.insert(2,3);
# >         B:= B.join(B);
# >         print(B);
# > }
# > error1(b);
# #-----------------#
# # h     | t       #
# #-----------------#
# [ 1,      3       ]
# > print(b);
# #-----------------#
# # h     | t       #
# #-----------------#
# [ 1,      2       ]
# [ 2,      3       ]
# 
# The semantics of B is unclear within proc

b:= new(int,int);
proc error1(B):= {
        B.insert(1,2);
        B.insert(2,3);
        B:= B.join(B);
        print(B);
}
error1(b);
#-----------------#
# BAT:	  tmp_26  #
# (int)	  (int)	  #
#-----------------#
[ 1,	  3	  ]
print(b);
#-----------------#
# BAT:	  tmp_25  #
# (int)	  (int)	  #
#-----------------#
[ 1,	  2	  ]
[ 2,	  3	  ]
quit;
