stdout of test 'no.037` in directory 'tests/BugReports` itself:

#> Mtest:	milS no.037 milS
#> Mtest:	Mtimeout -timeout 210 Mserver -modulesilent -yaccsilent -d8 -db tests_BugReports -single no.037.milS
# Monet Database Server V4.1
# Copyright (c) 1993-1999, CWI & SION. All rights reserved.
# compiled for IRIX646.5/32bit on Fri Jan 14 19:36:03 MET 2000.
#script:no.037.milS

loaded;
#---------------------------------#
# module	| usage_count	  #
#---------------------------------#
[ "algebra",	  1		  ]
[ "arith",	  1		  ]
[ "bat",	  1		  ]
[ "kernel",	  1		  ]
[ "str",	  1		  ]
[ "sys",	  1		  ]
[ "trans",	  1		  ]

Try: modules;                - for other modules.
     ls;                     - for persistent bat listing.
     sigs("<module>")        - for available commands per module.
     help("<command>")       - for help one-liner for a command.

#You are system administrator (adm)!
# >Number:         37
# >Category:       Mserver
# >Synopsis:       built-in bats
# >Confidential:   no
# >Severity:       serious
# >Priority:       high
# >Responsible:    mk
# >State:          feedback
# >Class:          sw-bug
# >Submitter-Id:   unknown
# >Arrival-Date:   Tue Oct  7 17:45:11 1997
# >Originator:     mk
# >Organization:
# >Release:        970101
# >Environment:
# 
# >Description:
# "mem" is not properly handled (like  "cpu")
# 
# >ls;
# #---------------------------------------------------------#
# # name          | heat  | status| group | role            #
# #---------------------------------------------------------#
# [ "car_age",      0,      "disk", "h",    "t"             ]
# [ "car_gender",   0,      "disk", "h",    "t"             ]
# [ "car_price",    0,      "disk", "h",    "t"             ]
# [ "car_category", 0,      "disk", "h",    "t"             ]
# [ "car_city",     0,      "disk", "h",    "t"             ]
# [ "car_damage",   0,      "disk", "h",    "t"             ]
# [ "a_b",          0,      "disk", "h",    "t"             ]
# [ "telephone",    0,      "disk", "h",    "t"             ]
# [ "p_name",       0,      "disk", "h",    "t"             ]
# [ "p_gender",     0,      "disk", "h",    "t"             ]
# [ "p_age",        0,      "disk", "h",    "t"             ]
# [ "p_city",       0,      "disk", "h",    "t"             ]
# [ "p_kind",       0,      "disk", "h",    "t"             ]
# [ "mem",          0,      "disk", "h",    "t"             ]
# [ "io",           0,      "disk", "h",    "t"             ]
# [ "cpu",          0,      "disk", "h",    "t"             ]
# >mem.print;
# !ERROR: atom 'monet_Mallinfo' unknown, in BAT 'mem'.!ERROR: BATprintf: BAT expected

ls;
#-----------------------------------------------------------------#
# name	| htype	| ttype	| cap	| heat	| status| kind	| refcnt  #
#-----------------------------------------------------------------#
mem.print;
!WARNING: interpret: convert identifier 'mem' to string.
[ "mem" ]
printf("#~BeginVariableOutput~#\n"); memory.print; printf("#~EndVariableOutput~#\n");
#~BeginVariableOutput~#
#---------------------------------#
# BAT:		  mem		  #
# (str)		  (int)		  #
#---------------------------------#
[ "memincr",	  1245184	  ]
[ "arena",	  1294320	  ]
[ "ordblks",	  106		  ]
[ "smblks",	  7632		  ]
[ "hblkhd",	  15264		  ]
[ "hblks",	  477		  ]
[ "usmblks",	  308448	  ]
[ "fsmblks",	  444192	  ]
[ "uordblks",	  451128	  ]
[ "fordblks",	  75288		  ]
#~EndVariableOutput~#
quit;
