stdout of test 'no.070` in directory 'tests/BugReports` itself:

#> Mtest:	milS no.070 milS
#> Mtest:	Mtimeout -timeout 210 Mserver -modulesilent -yaccsilent -d8 -db tests_BugReports -single no.070.milS
# Monet Database Server V4.1
# Copyright (c) 1993-1999, CWI & SION. All rights reserved.
# compiled for IRIX646.5/32bit on Fri Jan 14 19:36:03 MET 2000.
#script:no.070.milS

loaded;
#---------------------------------#
# module	| usage_count	  #
#---------------------------------#
[ "algebra",	  1		  ]
[ "arith",	  1		  ]
[ "bat",	  1		  ]
[ "kernel",	  1		  ]
[ "str",	  1		  ]
[ "sys",	  1		  ]
[ "trans",	  1		  ]

Try: modules;                - for other modules.
     ls;                     - for persistent bat listing.
     sigs("<module>")        - for available commands per module.
     help("<command>")       - for help one-liner for a command.

#You are system administrator (adm)!
# >Number:         70
# >Category:       MIL
# >Synopsis:       Monet crashes when trying to give a helpful hint to the user.
# >Confidential:   no
# >Severity:       serious
# >Priority:       medium
# >Responsible:    boncz
# >State:          closed
# >Class:          sw-bug
# >Submitter-Id:   unknown
# >Arrival-Date:   Thu Oct 30 15:21:02 1997
# >Originator:     quak
# >Organization:
# >Release:        971007
# >Environment:
# sun.
# >Description:
# Try This:
# 
# > module(mmath);
# > a := new(int,int);
# > [sqrt](a);
# !ERROR: interpret: no matching multiplex operator '[sqrt]'. Maybe you mean:! Terminating connection
# ! Connection broken

setoid(oid(20000000));

a := new(int,int);
[sqrt](a);
!ERROR: interpret: no matching MIL operator to '[sqrt](BAT[int,int])'.
!MAYBE YOU MEAN:
!	sqrt(dbl) : dbl
quit;
