stdout of test 'no.169` in directory 'tests/BugReports` itself:

#> Mtest:	milS no.169 milS
#> Mtest:	Mtimeout -timeout 210 Mserver -modulesilent -yaccsilent -d8 -db tests_BugReports -single no.169.milS
# Monet Database Server V4.1
# Copyright (c) 1993-1999, CWI & SION. All rights reserved.
# compiled for IRIX646.5/32bit on Fri Jan 14 01:04:33 MET 2000.
#script:no.169.milS

loaded;
#---------------------------------#
# module	| usage_count	  #
#---------------------------------#
[ "algebra",	  1		  ]
[ "arith",	  1		  ]
[ "bat",	  1		  ]
[ "kernel",	  1		  ]
[ "str",	  1		  ]
[ "sys",	  1		  ]
[ "trans",	  1		  ]

Try: modules;                - for other modules.
     ls;                     - for persistent bat listing.
     sigs("<module>")        - for available commands per module.
     help("<command>")       - for help one-liner for a command.

#You are system administrator (adm)!
# 
#>Number:         169
#>Category:       Mserver
#>Synopsis:       str(nil).print hangs
#>Confidential:   no
#>Severity:       critical
#>Priority:       high
#>Responsible:    boncz (Peter Boncz)
#>State:          open
#>Class:          sw-bug
#>Submitter-Id:   unknown
#>Arrival-Date:   Thu Sep  3 15:30:20 1998
#>Originator:     windhouw@cwi.nl
#>Organization:
#CWI
#>Release:        980101
#>Environment:
#IRIX646.5
#>Description:
#On the medusa (IRIX646.5 64bit) the following
#script hangs Mserver:
#> str(nil).print;
#[ nil ]
#>How-To-Repeat:
#>Fix:
#>Audit-Trail:
#>Unformatted:

setoid(oid(20000000));

str(nil).print;
[ nil ]

quit;
