stdout of test 'blg` in directory 'modules/geometry` itself:

#> Mtest:	other blg
#> Mtest:	Mtimeout -timeout 1200 ./blg blg
#> Mlog:	Mtimeout -timeout 600 Mserver -modulesilent -yaccsilent -d8 -db modules_geometry blg.mil
# Monet Database Server V4.1
# Copyright (c) 1993-1999, CWI & SION. All rights reserved.
# compiled for IRIX646.5/32bit on Tue Jan 18 14:49:14 MET 2000.
#script:blg.mil

loaded;
#---------------------------------#
# module	| usage_count	  #
#---------------------------------#
[ "algebra",	  1		  ]
[ "arith",	  1		  ]
[ "bat",	  1		  ]
[ "kernel",	  1		  ]
[ "str",	  1		  ]
[ "sys",	  1		  ]
[ "trans",	  1		  ]

Try: modules;                - for other modules.
     ls;                     - for persistent bat listing.
     sigs("<module>")        - for available commands per module.
     help("<command>")       - for help one-liner for a command.

#You are system administrator (adm)!

#line 346 "blg.mx"
setoid(oid(20000000));

a := polyline("(3:0,0,1,1,2,2)");
a.create_blg;

quit;
