stdout of test 'gisbulk` in directory 'modules/geometry` itself:

#> Mtest:	other gisbulk
#> Mtest:	Mtimeout -timeout 1200 ./gisbulk gisbulk
#> Mlog:	Mtimeout -timeout 600 Mserver -modulesilent -yaccsilent -d8 -db modules_geometry gisbulk.mil
# Monet Database Server V4.1
# Copyright (c) 1993-1999, CWI & SION. All rights reserved.
# compiled for IRIX646.5/32bit on Tue Jan 18 14:49:14 MET 2000.
#script:gisbulk.mil

loaded;
#---------------------------------#
# module	| usage_count	  #
#---------------------------------#
[ "algebra",	  1		  ]
[ "arith",	  1		  ]
[ "bat",	  1		  ]
[ "kernel",	  1		  ]
[ "str",	  1		  ]
[ "sys",	  1		  ]
[ "trans",	  1		  ]

Try: modules;                - for other modules.
     ls;                     - for persistent bat listing.
     sigs("<module>")        - for available commands per module.
     help("<command>")       - for help one-liner for a command.

#You are system administrator (adm)!

#line 791 "gisbulk.mx"
setoid(oid(20000000));


boxes := new(int,box);

b1 := box("(0,1,1,0)");
b2 := box("(0,10,10,0)");
b3 := box("(-10,-1,-1,-10)");

boxes.insert(1,b1);
boxes.insert(2,b2);
boxes.insert(3,b3);
boxes.reverse.accbuild(rtree_box);
boxes.delete(1,b1);
boxes.delete(2,b2);
boxes.delete(3,b3);
boxes.reverse.rtree_ok();
# this print should be empty.
boxes.print;
#-----------------#
# BAT:	  tmp_25  #
# (int)	  (box)	  #
#-----------------#
boxes.insert(1,b1);
boxes.insert(2,b2);
boxes.insert(3,b3);

# this should print [5].
boxes.sjoin(boxes.reverse).count.print;
[ 5 ]
boxes.reverse.accdestroy(rtree_box);

points := new(int,point);
points.insert(1,point("(0,1)"));
points.insert(2,point("(0,2)"));
points.insert(3,point("(0,3)"));
points.reverse.accbuild(rtree_point);

#points.dselect(point("(0,0)"),dbl("0.5"),dbl("1.5"));

quit;
