stdout of test 'tst100` in directory 'scripts/gold` itself:

#> Mtest:	other tst100
#> Mtest:	Mtimeout -timeout 1260 ./tst100 tst100
#> Mlog:	Mtimeout -timeout 210 Mcreatedb -user manegold -db scripts_gold_tst100
Mcreatedb: processing database 'scripts_gold_tst100' in /var/tmp/manegold.GNU_32/monet/IRIX646.5/dbfarm/scripts_gold_tst100.
# /var/tmp/manegold.GNU_32/monet/IRIX646.5/dbfarm/scripts_gold_tst100 
# /var/tmp/manegold.GNU_32/monet/IRIX646.5/dbfarm/scripts_gold_tst100/bat 
# /var/tmp/manegold.GNU_32/monet/IRIX646.5/dbfarm/scripts_gold_tst100/users 
# /var/tmp/manegold.GNU_32/monet/IRIX646.5/dbfarm/scripts_gold_tst100/users/manegold 
Mcreatedb: calling 'Mserver -db scripts_gold_tst100' for the first time..
Mcreatedb: database 'scripts_gold_tst100' has been initialized succesfully!
#> Mlog:	Mtimeout -timeout 210 Mload test100k -db scripts_gold_tst100 -oid 30000000 -s 100000 -f format
#> Mlog:	Mtimeout -timeout 210 Mserver -modulesilent -yaccsilent -d8 -db scripts_gold_tst100 init.mil
# Monet Database Server V4.1
# Copyright (c) 1993-1999, CWI & SION. All rights reserved.
# compiled for IRIX646.5/32bit on Fri Jan 14 19:36:03 MET 2000.
#script:init.mil

loaded;
#---------------------------------#
# module	| usage_count	  #
#---------------------------------#
[ "algebra",	  1		  ]
[ "arith",	  1		  ]
[ "bat",	  1		  ]
[ "kernel",	  1		  ]
[ "str",	  1		  ]
[ "sys",	  1		  ]
[ "trans",	  1		  ]

Try: modules;                - for other modules.
     ls;                     - for persistent bat listing.
     sigs("<module>")        - for available commands per module.
     help("<command>")       - for help one-liner for a command.

#You are system administrator (adm)!
setoid(oid(10000000));
t:= car_class.select("damage");
t.persists(true);
t.rename("car_pos");
t.count.print;
[ 50000 ]
printf("#~BeginVariableOutput~#\n"); t.sample(2).print; printf("#~EndVariableOutput~#\n");
#~BeginVariableOutput~#
#---------------------------------#
# BAT:		  tmp_32	  #
# (oid)		  (str)		  #
#---------------------------------#
[ 30023010@0,	  "damage"	  ]
[ 30030429@0,	  "damage"	  ]
#~EndVariableOutput~#
t:= car_class.select("no damage");
t.persists(true);
t.rename("car_neg");
t.count.print;
[ 50000 ]
printf("#~BeginVariableOutput~#\n"); t.sample(2).print; printf("#~EndVariableOutput~#\n");
#~BeginVariableOutput~#
#---------------------------------#
# BAT:		  tmp_33	  #
# (oid)		  (str)		  #
#---------------------------------#
[ 30066212@0,	  "no damage"	  ]
[ 30070298@0,	  "no damage"	  ]
#~EndVariableOutput~#
commit;
#> Mlog:	Mtimeout -timeout 210 Mserver -modulesilent -yaccsilent -d8 -db scripts_gold_tst100 tst100.mil
# Monet Database Server V4.1
# Copyright (c) 1993-1999, CWI & SION. All rights reserved.
# compiled for IRIX646.5/32bit on Fri Jan 14 19:36:03 MET 2000.
#script:tst100.mil

loaded;
#---------------------------------#
# module	| usage_count	  #
#---------------------------------#
[ "algebra",	  1		  ]
[ "arith",	  1		  ]
[ "bat",	  1		  ]
[ "kernel",	  1		  ]
[ "str",	  1		  ]
[ "sys",	  1		  ]
[ "trans",	  1		  ]

Try: modules;                - for other modules.
     ls;                     - for persistent bat listing.
     sigs("<module>")        - for available commands per module.
     help("<command>")       - for help one-liner for a command.

#You are system administrator (adm)!
setoid(oid(20000000));
cpu;
load("car_age");
load("car_carprice");
load("car_category");
load("car_gender");
load("car_town");
load("car_pos");
load("car_neg");
# car_age.hash;
# car_carprice.hash;
# car_category.hash;
# car_gender.hash;
# car_town.hash;
# car_pos.hash;
# car_neg.hash;
commit;  printf("#~BeginVariableOutput~#\n"); cpu.print;memory.print;io.print; printf("#~EndVariableOutput~#\n"); # bbp.print;
t0_pos := semijoin(car_age, car_pos).histogram; t0_neg := semijoin(car_age, car_neg).histogram;
#~BeginVariableOutput~#
#-------------------------#
# BAT:		  cpu	  #
# (str)		  (int)	  #
#-------------------------#
[ "elapsed",	  0	  ]
[ "user",	  250	  ]
[ "elapuser",	  120	  ]
[ "system",	  60	  ]
[ "elapsystem",	  40	  ]
#---------------------------------#
# BAT:		  mem		  #
# (str)		  (int)		  #
#---------------------------------#
[ "memincr",	  2023424	  ]
[ "arena",	  2072560	  ]
[ "ordblks",	  117		  ]
[ "smblks",	  7648		  ]
[ "hblkhd",	  15296		  ]
[ "hblks",	  478		  ]
[ "usmblks",	  315968	  ]
[ "fsmblks",	  437184	  ]
[ "uordblks",	  1279328	  ]
[ "fordblks",	  24784		  ]
#-------------------------#
# BAT:		  io	  #
# (str)		  (int)	  #
#-------------------------#
[ "maxrss",	  4560	  ]
[ "minflt",	  267	  ]
[ "majflt",	  0	  ]
[ "nswap",	  0	  ]
[ "inblock",	  5	  ]
[ "oublock",	  4	  ]
[ "nvcsw",	  5	  ]
[ "ninvcsw",	  9	  ]
#~EndVariableOutput~#
t2_pos := semijoin(car_carprice, car_pos).histogram; t2_neg := semijoin(car_carprice, car_neg).histogram;
t3_pos := semijoin(car_category, car_pos).histogram; t3_neg := semijoin(car_category, car_neg).histogram;
t1_pos := semijoin(car_gender, car_pos).histogram; t1_neg := semijoin(car_gender, car_neg).histogram;
t4_pos := semijoin(car_town, car_pos).histogram; t4_neg := semijoin(car_town, car_neg).histogram;
 printf("#~BeginVariableOutput~#\n"); cpu.print;memory.print;io.print; printf("#~EndVariableOutput~#\n"); # bbp.print;
t0_pos.count.print; print("end");
#~BeginVariableOutput~#
#-------------------------#
# BAT:		  cpu	  #
# (str)		  (int)	  #
#-------------------------#
[ "elapsed",	  0	  ]
[ "user",	  370	  ]
[ "elapuser",	  120	  ]
[ "system",	  60	  ]
[ "elapsystem",	  0	  ]
#---------------------------------#
# BAT:		  mem		  #
# (str)		  (int)		  #
#---------------------------------#
[ "memincr",	  32768		  ]
[ "arena",	  2105328	  ]
[ "ordblks",	  143		  ]
[ "smblks",	  7648		  ]
[ "hblkhd",	  15296		  ]
[ "hblks",	  478		  ]
[ "usmblks",	  318048	  ]
[ "fsmblks",	  435104	  ]
[ "uordblks",	  1327040	  ]
[ "fordblks",	  9840		  ]
#-------------------------#
# BAT:		  io	  #
# (str)		  (int)	  #
#-------------------------#
[ "maxrss",	  4592	  ]
[ "minflt",	  272	  ]
[ "majflt",	  0	  ]
[ "nswap",	  0	  ]
[ "inblock",	  5	  ]
[ "oublock",	  4	  ]
[ "nvcsw",	  5	  ]
[ "ninvcsw",	  16	  ]
#~EndVariableOutput~#
[ 46 ]
[ "end" ]
t0_neg.count.print; print("end");
[ 46 ]
[ "end" ]
t2_pos.count.print; print("end");
[ 9 ]
[ "end" ]
t2_neg.count.print; print("end");
[ 9 ]
[ "end" ]
t3_pos.count.print; print("end");
[ 2 ]
[ "end" ]
t3_neg.count.print; print("end");
[ 2 ]
[ "end" ]
t1_pos.count.print; print("end");
[ 2 ]
[ "end" ]
t1_neg.count.print; print("end");
[ 2 ]
[ "end" ]
t4_pos.count.print; print("end");
[ 10 ]
[ "end" ]
t4_neg.count.print; print("end");
[ 10 ]
[ "end" ]
commit;  printf("#~BeginVariableOutput~#\n"); cpu.print;memory.print;io.print; printf("#~EndVariableOutput~#\n"); # bbp.print; 
tmp0 := car_age.select(19, 24); pos_1 := semijoin(tmp0, car_pos); neg_1 := semijoin(tmp0, car_neg);
#~BeginVariableOutput~#
#-------------------------#
# BAT:		  cpu	  #
# (str)		  (int)	  #
#-------------------------#
[ "elapsed",	  0	  ]
[ "user",	  380	  ]
[ "elapuser",	  10	  ]
[ "system",	  70	  ]
[ "elapsystem",	  10	  ]
#---------------------------------#
# BAT:		  mem		  #
# (str)		  (int)		  #
#---------------------------------#
[ "memincr",	  16384		  ]
[ "arena",	  2121712	  ]
[ "ordblks",	  143		  ]
[ "smblks",	  7648		  ]
[ "hblkhd",	  15296		  ]
[ "hblks",	  478		  ]
[ "usmblks",	  320672	  ]
[ "fsmblks",	  432480	  ]
[ "uordblks",	  1327040	  ]
[ "fordblks",	  26224		  ]
#-------------------------#
# BAT:		  io	  #
# (str)		  (int)	  #
#-------------------------#
[ "maxrss",	  4592	  ]
[ "minflt",	  272	  ]
[ "majflt",	  0	  ]
[ "nswap",	  0	  ]
[ "inblock",	  5	  ]
[ "oublock",	  6	  ]
[ "nvcsw",	  6	  ]
[ "ninvcsw",	  20	  ]
#~EndVariableOutput~#
tmp1 := car_gender.select('f'); pos_2 := semijoin(tmp1, car_pos); neg_2 := semijoin(tmp1, car_neg);
tmp2 := car_gender.select('m'); pos_3 := semijoin(tmp2, car_pos); neg_3 := semijoin(tmp2, car_neg);
tmp3 := car_category.select("lease"); pos_4 := semijoin(tmp3, car_pos); neg_4 := semijoin(tmp3, car_neg);
tmp4 := car_age.select(25, 33); pos_5 := semijoin(tmp4, car_pos); neg_5 := semijoin(tmp4, car_neg);
commit; printf("#~BeginVariableOutput~#\n"); cpu.print;memory.print;io.print; printf("#~EndVariableOutput~#\n"); # bbp.print;
t12_pos := semijoin(car_age, pos_4).histogram; t12_neg := semijoin(car_age, neg_4).histogram;
#~BeginVariableOutput~#
#-------------------------#
# BAT:		  cpu	  #
# (str)		  (int)	  #
#-------------------------#
[ "elapsed",	  0	  ]
[ "user",	  570	  ]
[ "elapuser",	  190	  ]
[ "system",	  80	  ]
[ "elapsystem",	  10	  ]
#---------------------------------#
# BAT:		  mem		  #
# (str)		  (int)		  #
#---------------------------------#
[ "memincr",	  1810432	  ]
[ "arena",	  3932144	  ]
[ "ordblks",	  165		  ]
[ "smblks",	  7648		  ]
[ "hblkhd",	  15296		  ]
[ "hblks",	  478		  ]
[ "usmblks",	  324736	  ]
[ "fsmblks",	  428416	  ]
[ "uordblks",	  2714960	  ]
[ "fordblks",	  448736	  ]
#-------------------------#
# BAT:		  io	  #
# (str)		  (int)	  #
#-------------------------#
[ "maxrss",	  10704	  ]
[ "minflt",	  274	  ]
[ "majflt",	  0	  ]
[ "nswap",	  0	  ]
[ "inblock",	  5	  ]
[ "oublock",	  6	  ]
[ "nvcsw",	  6	  ]
[ "ninvcsw",	  23	  ]
#~EndVariableOutput~#
t8_pos := semijoin(car_age, pos_3).histogram; t8_neg := semijoin(car_age, neg_3).histogram;
t4_pos := semijoin(car_age, pos_2).histogram; t4_neg := semijoin(car_age, neg_2).histogram;
t9_pos := semijoin(car_carprice, pos_3).histogram; t9_neg := semijoin(car_carprice, neg_3).histogram;
t1_pos := semijoin(car_carprice, pos_1).histogram; t1_neg := semijoin(car_carprice, neg_1).histogram;
 printf("#~BeginVariableOutput~#\n"); cpu.print;memory.print;io.print; printf("#~EndVariableOutput~#\n"); # bbp.print;
t12_pos.count.print; print("end");
#~BeginVariableOutput~#
#-------------------------#
# BAT:		  cpu	  #
# (str)		  (int)	  #
#-------------------------#
[ "elapsed",	  0	  ]
[ "user",	  700	  ]
[ "elapuser",	  130	  ]
[ "system",	  90	  ]
[ "elapsystem",	  10	  ]
#---------------------------------#
# BAT:		  mem		  #
# (str)		  (int)		  #
#---------------------------------#
[ "memincr",	  245760	  ]
[ "arena",	  4177904	  ]
[ "ordblks",	  181		  ]
[ "smblks",	  7648		  ]
[ "hblkhd",	  15296		  ]
[ "hblks",	  478		  ]
[ "usmblks",	  326496	  ]
[ "fsmblks",	  426656	  ]
[ "uordblks",	  2717856	  ]
[ "fordblks",	  691600	  ]
#-------------------------#
# BAT:		  io	  #
# (str)		  (int)	  #
#-------------------------#
[ "maxrss",	  10944	  ]
[ "minflt",	  274	  ]
[ "majflt",	  0	  ]
[ "nswap",	  0	  ]
[ "inblock",	  5	  ]
[ "oublock",	  6	  ]
[ "nvcsw",	  6	  ]
[ "ninvcsw",	  30	  ]
#~EndVariableOutput~#
[ 46 ]
[ "end" ]
t12_neg.count.print; print("end");
[ 46 ]
[ "end" ]
t8_pos.count.print; print("end");
[ 46 ]
[ "end" ]
t8_neg.count.print; print("end");
[ 46 ]
[ "end" ]
t4_pos.count.print; print("end");
[ 46 ]
[ "end" ]
t4_neg.count.print; print("end");
[ 46 ]
[ "end" ]
t9_pos.count.print; print("end");
[ 9 ]
[ "end" ]
t9_neg.count.print; print("end");
[ 9 ]
[ "end" ]
t1_pos.count.print; print("end");
[ 9 ]
[ "end" ]
t1_neg.count.print; print("end");
[ 9 ]
[ "end" ]
commit;  printf("#~BeginVariableOutput~#\n"); cpu.print;memory.print;io.print; printf("#~EndVariableOutput~#\n"); # bbp.print;
t14_pos := semijoin(car_carprice, pos_4).histogram; t14_neg := semijoin(car_carprice, neg_4).histogram;
#~BeginVariableOutput~#
#-------------------------#
# BAT:		  cpu	  #
# (str)		  (int)	  #
#-------------------------#
[ "elapsed",	  0	  ]
[ "user",	  720	  ]
[ "elapuser",	  20	  ]
[ "system",	  90	  ]
[ "elapsystem",	  0	  ]
#---------------------------------#
# BAT:		  mem		  #
# (str)		  (int)		  #
#---------------------------------#
[ "memincr",	  0		  ]
[ "arena",	  4177904	  ]
[ "ordblks",	  181		  ]
[ "smblks",	  7648		  ]
[ "hblkhd",	  15296		  ]
[ "hblks",	  478		  ]
[ "usmblks",	  328832	  ]
[ "fsmblks",	  424320	  ]
[ "uordblks",	  2717856	  ]
[ "fordblks",	  691600	  ]
#-------------------------#
# BAT:		  io	  #
# (str)		  (int)	  #
#-------------------------#
[ "maxrss",	  10944	  ]
[ "minflt",	  274	  ]
[ "majflt",	  0	  ]
[ "nswap",	  0	  ]
[ "inblock",	  5	  ]
[ "oublock",	  6	  ]
[ "nvcsw",	  6	  ]
[ "ninvcsw",	  56	  ]
#~EndVariableOutput~#
t5_pos := semijoin(car_carprice, pos_2).histogram; t5_neg := semijoin(car_carprice, neg_2).histogram;
t17_pos := semijoin(car_carprice, pos_5).histogram; t17_neg := semijoin(car_carprice, neg_5).histogram;
t18_pos := semijoin(car_category, pos_5).histogram; t18_neg := semijoin(car_category, neg_5).histogram;
t10_pos := semijoin(car_category, pos_3).histogram; t10_neg := semijoin(car_category, neg_3).histogram;
 printf("#~BeginVariableOutput~#\n"); cpu.print;memory.print;io.print; printf("#~EndVariableOutput~#\n"); # bbp.print;
t14_pos.count.print; print("end");
#~BeginVariableOutput~#
#-------------------------#
# BAT:		  cpu	  #
# (str)		  (int)	  #
#-------------------------#
[ "elapsed",	  1	  ]
[ "user",	  900	  ]
[ "elapuser",	  180	  ]
[ "system",	  90	  ]
[ "elapsystem",	  0	  ]
#---------------------------------#
# BAT:		  mem		  #
# (str)		  (int)		  #
#---------------------------------#
[ "memincr",	  1228800	  ]
[ "arena",	  5406704	  ]
[ "ordblks",	  207		  ]
[ "smblks",	  7648		  ]
[ "hblkhd",	  15296		  ]
[ "hblks",	  478		  ]
[ "usmblks",	  331424	  ]
[ "fsmblks",	  421728	  ]
[ "uordblks",	  3782592	  ]
[ "fordblks",	  855664	  ]
#-------------------------#
# BAT:		  io	  #
# (str)		  (int)	  #
#-------------------------#
[ "maxrss",	  11040	  ]
[ "minflt",	  274	  ]
[ "majflt",	  0	  ]
[ "nswap",	  0	  ]
[ "inblock",	  5	  ]
[ "oublock",	  6	  ]
[ "nvcsw",	  6	  ]
[ "ninvcsw",	  67	  ]
#~EndVariableOutput~#
[ 9 ]
[ "end" ]
t14_neg.count.print; print("end");
[ 9 ]
[ "end" ]
t5_pos.count.print; print("end");
[ 9 ]
[ "end" ]
t5_neg.count.print; print("end");
[ 9 ]
[ "end" ]
t17_pos.count.print; print("end");
[ 9 ]
[ "end" ]
t17_neg.count.print; print("end");
[ 9 ]
[ "end" ]
t18_pos.count.print; print("end");
[ 2 ]
[ "end" ]
t18_neg.count.print; print("end");
[ 2 ]
[ "end" ]
t10_pos.count.print; print("end");
[ 2 ]
[ "end" ]
t10_neg.count.print; print("end");
[ 2 ]
[ "end" ]
commit;  printf("#~BeginVariableOutput~#\n"); cpu.print;memory.print;io.print; printf("#~EndVariableOutput~#\n"); # bbp.print;
t6_pos := semijoin(car_category, pos_2).histogram; t6_neg := semijoin(car_category, neg_2).histogram;
#~BeginVariableOutput~#
#-------------------------#
# BAT:		  cpu	  #
# (str)		  (int)	  #
#-------------------------#
[ "elapsed",	  1	  ]
[ "user",	  910	  ]
[ "elapuser",	  10	  ]
[ "system",	  90	  ]
[ "elapsystem",	  0	  ]
#---------------------------------#
# BAT:		  mem		  #
# (str)		  (int)		  #
#---------------------------------#
[ "memincr",	  0		  ]
[ "arena",	  5406704	  ]
[ "ordblks",	  207		  ]
[ "smblks",	  7648		  ]
[ "hblkhd",	  15296		  ]
[ "hblks",	  478		  ]
[ "usmblks",	  333760	  ]
[ "fsmblks",	  419392	  ]
[ "uordblks",	  3782592	  ]
[ "fordblks",	  855664	  ]
#-------------------------#
# BAT:		  io	  #
# (str)		  (int)	  #
#-------------------------#
[ "maxrss",	  11040	  ]
[ "minflt",	  274	  ]
[ "majflt",	  0	  ]
[ "nswap",	  0	  ]
[ "inblock",	  5	  ]
[ "oublock",	  6	  ]
[ "nvcsw",	  6	  ]
[ "ninvcsw",	  67	  ]
#~EndVariableOutput~#
t2_pos := semijoin(car_category, pos_1).histogram; t2_neg := semijoin(car_category, neg_1).histogram;
t16_pos := semijoin(car_gender, pos_5).histogram; t16_neg := semijoin(car_gender, neg_5).histogram;
t13_pos := semijoin(car_gender, pos_4).histogram; t13_neg := semijoin(car_gender, neg_4).histogram;
t0_pos := semijoin(car_gender, pos_1).histogram; t0_neg := semijoin(car_gender, neg_1).histogram;
 printf("#~BeginVariableOutput~#\n"); cpu.print;memory.print;io.print; printf("#~EndVariableOutput~#\n"); # bbp.print;
t6_pos.count.print; print("end");
#~BeginVariableOutput~#
#-------------------------#
# BAT:		  cpu	  #
# (str)		  (int)	  #
#-------------------------#
[ "elapsed",	  1	  ]
[ "user",	  1060	  ]
[ "elapuser",	  150	  ]
[ "system",	  100	  ]
[ "elapsystem",	  10	  ]
#---------------------------------#
# BAT:		  mem		  #
# (str)		  (int)		  #
#---------------------------------#
[ "memincr",	  704512	  ]
[ "arena",	  6111216	  ]
[ "ordblks",	  229		  ]
[ "smblks",	  7648		  ]
[ "hblkhd",	  15296		  ]
[ "hblks",	  478		  ]
[ "usmblks",	  334752	  ]
[ "fsmblks",	  418400	  ]
[ "uordblks",	  4752264	  ]
[ "fordblks",	  590504	  ]
#-------------------------#
# BAT:		  io	  #
# (str)		  (int)	  #
#-------------------------#
[ "maxrss",	  11296	  ]
[ "minflt",	  274	  ]
[ "majflt",	  0	  ]
[ "nswap",	  0	  ]
[ "inblock",	  5	  ]
[ "oublock",	  6	  ]
[ "nvcsw",	  6	  ]
[ "ninvcsw",	  71	  ]
#~EndVariableOutput~#
[ 2 ]
[ "end" ]
t6_neg.count.print; print("end");
[ 2 ]
[ "end" ]
t2_pos.count.print; print("end");
[ 2 ]
[ "end" ]
t2_neg.count.print; print("end");
[ 2 ]
[ "end" ]
t16_pos.count.print; print("end");
[ 2 ]
[ "end" ]
t16_neg.count.print; print("end");
[ 2 ]
[ "end" ]
t13_pos.count.print; print("end");
[ 2 ]
[ "end" ]
t13_neg.count.print; print("end");
[ 2 ]
[ "end" ]
t0_pos.count.print; print("end");
[ 2 ]
[ "end" ]
t0_neg.count.print; print("end");
[ 2 ]
[ "end" ]
commit;  printf("#~BeginVariableOutput~#\n"); cpu.print;memory.print;io.print; printf("#~EndVariableOutput~#\n"); # bbp.print;
t19_pos := semijoin(car_town, pos_5).histogram; t19_neg := semijoin(car_town, neg_5).histogram;
#~BeginVariableOutput~#
#-------------------------#
# BAT:		  cpu	  #
# (str)		  (int)	  #
#-------------------------#
[ "elapsed",	  1	  ]
[ "user",	  1070	  ]
[ "elapuser",	  10	  ]
[ "system",	  100	  ]
[ "elapsystem",	  0	  ]
#---------------------------------#
# BAT:		  mem		  #
# (str)		  (int)		  #
#---------------------------------#
[ "memincr",	  0		  ]
[ "arena",	  6111216	  ]
[ "ordblks",	  229		  ]
[ "smblks",	  7648		  ]
[ "hblkhd",	  15296		  ]
[ "hblks",	  478		  ]
[ "usmblks",	  337088	  ]
[ "fsmblks",	  416064	  ]
[ "uordblks",	  4752264	  ]
[ "fordblks",	  590504	  ]
#-------------------------#
# BAT:		  io	  #
# (str)		  (int)	  #
#-------------------------#
[ "maxrss",	  11296	  ]
[ "minflt",	  274	  ]
[ "majflt",	  0	  ]
[ "nswap",	  0	  ]
[ "inblock",	  5	  ]
[ "oublock",	  6	  ]
[ "nvcsw",	  6	  ]
[ "ninvcsw",	  71	  ]
#~EndVariableOutput~#
t15_pos := semijoin(car_town, pos_4).histogram; t15_neg := semijoin(car_town, neg_4).histogram;
t7_pos := semijoin(car_town, pos_2).histogram; t7_neg := semijoin(car_town, neg_2).histogram;
t11_pos := semijoin(car_town, pos_3).histogram; t11_neg := semijoin(car_town, neg_3).histogram;
t3_pos := semijoin(car_town, pos_1).histogram; t3_neg := semijoin(car_town, neg_1).histogram;
 printf("#~BeginVariableOutput~#\n"); cpu.print;memory.print;io.print; printf("#~EndVariableOutput~#\n"); # bbp.print;
t19_pos.count.print; print("end");
#~BeginVariableOutput~#
#-------------------------#
# BAT:		  cpu	  #
# (str)		  (int)	  #
#-------------------------#
[ "elapsed",	  1	  ]
[ "user",	  1330	  ]
[ "elapuser",	  260	  ]
[ "system",	  110	  ]
[ "elapsystem",	  10	  ]
#---------------------------------#
# BAT:		  mem		  #
# (str)		  (int)		  #
#---------------------------------#
[ "memincr",	  2801664	  ]
[ "arena",	  8912880	  ]
[ "ordblks",	  257		  ]
[ "smblks",	  7648		  ]
[ "hblkhd",	  15296		  ]
[ "hblks",	  478		  ]
[ "usmblks",	  339424	  ]
[ "fsmblks",	  413728	  ]
[ "uordblks",	  7109168	  ]
[ "fordblks",	  1035264	  ]
#-------------------------#
# BAT:		  io	  #
# (str)		  (int)	  #
#-------------------------#
[ "maxrss",	  12544	  ]
[ "minflt",	  274	  ]
[ "majflt",	  0	  ]
[ "nswap",	  0	  ]
[ "inblock",	  5	  ]
[ "oublock",	  6	  ]
[ "nvcsw",	  6	  ]
[ "ninvcsw",	  81	  ]
#~EndVariableOutput~#
[ 10 ]
[ "end" ]
t19_neg.count.print; print("end");
[ 10 ]
[ "end" ]
t15_pos.count.print; print("end");
[ 10 ]
[ "end" ]
t15_neg.count.print; print("end");
[ 10 ]
[ "end" ]
t7_pos.count.print; print("end");
[ 10 ]
[ "end" ]
t7_neg.count.print; print("end");
[ 10 ]
[ "end" ]
t11_pos.count.print; print("end");
[ 10 ]
[ "end" ]
t11_neg.count.print; print("end");
[ 10 ]
[ "end" ]
t3_pos.count.print; print("end");
[ 10 ]
[ "end" ]
t3_neg.count.print; print("end");
[ 10 ]
[ "end" ]
commit;  printf("#~BeginVariableOutput~#\n"); cpu.print;memory.print;io.print; printf("#~EndVariableOutput~#\n"); # bbp.print; 
tmp0 := car_age.select(19, 24); pos_6 := semijoin(tmp0, pos_3); neg_6 := semijoin(tmp0, neg_3);
#~BeginVariableOutput~#
#-------------------------#
# BAT:		  cpu	  #
# (str)		  (int)	  #
#-------------------------#
[ "elapsed",	  1	  ]
[ "user",	  1340	  ]
[ "elapuser",	  10	  ]
[ "system",	  110	  ]
[ "elapsystem",	  0	  ]
#---------------------------------#
# BAT:		  mem		  #
# (str)		  (int)		  #
#---------------------------------#
[ "memincr",	  0		  ]
[ "arena",	  8912880	  ]
[ "ordblks",	  257		  ]
[ "smblks",	  7648		  ]
[ "hblkhd",	  15296		  ]
[ "hblks",	  478		  ]
[ "usmblks",	  342048	  ]
[ "fsmblks",	  411104	  ]
[ "uordblks",	  7109168	  ]
[ "fordblks",	  1035264	  ]
#-------------------------#
# BAT:		  io	  #
# (str)		  (int)	  #
#-------------------------#
[ "maxrss",	  12544	  ]
[ "minflt",	  274	  ]
[ "majflt",	  0	  ]
[ "nswap",	  0	  ]
[ "inblock",	  5	  ]
[ "oublock",	  6	  ]
[ "nvcsw",	  6	  ]
[ "ninvcsw",	  81	  ]
#~EndVariableOutput~#
tmp1 := car_age.select(19, 24); pos_8 := semijoin(tmp1, pos_4); neg_8 := semijoin(tmp1, neg_4);
tmp2 := car_age.select(30, 33); pos_9 := semijoin(tmp2, pos_2); neg_9 := semijoin(tmp2, neg_2);
tmp3 := car_gender.select('f'); pos_10 := semijoin(tmp3, pos_5); neg_10 := semijoin(tmp3, neg_5);
commit; printf("#~BeginVariableOutput~#\n"); cpu.print;memory.print;io.print; printf("#~EndVariableOutput~#\n"); # bbp.print;
t9_pos := semijoin(car_carprice, pos_10).histogram; t9_neg := semijoin(car_carprice, neg_10).histogram;
#~BeginVariableOutput~#
#-------------------------#
# BAT:		  cpu	  #
# (str)		  (int)	  #
#-------------------------#
[ "elapsed",	  1	  ]
[ "user",	  1460	  ]
[ "elapuser",	  120	  ]
[ "system",	  130	  ]
[ "elapsystem",	  20	  ]
#---------------------------------#
# BAT:		  mem		  #
# (str)		  (int)		  #
#---------------------------------#
[ "memincr",	  843776	  ]
[ "arena",	  9756656	  ]
[ "ordblks",	  280		  ]
[ "smblks",	  7648		  ]
[ "hblkhd",	  15296		  ]
[ "hblks",	  478		  ]
[ "usmblks",	  345408	  ]
[ "fsmblks",	  407744	  ]
[ "uordblks",	  8524904	  ]
[ "fordblks",	  463304	  ]
#-------------------------#
# BAT:		  io	  #
# (str)		  (int)	  #
#-------------------------#
[ "maxrss",	  13744	  ]
[ "minflt",	  276	  ]
[ "majflt",	  0	  ]
[ "nswap",	  0	  ]
[ "inblock",	  5	  ]
[ "oublock",	  6	  ]
[ "nvcsw",	  6	  ]
[ "ninvcsw",	  85	  ]
#~EndVariableOutput~#
t6_pos := semijoin(car_carprice, pos_9).histogram; t6_neg := semijoin(car_carprice, neg_9).histogram;
t4_pos := semijoin(car_carprice, pos_8).histogram; t4_neg := semijoin(car_carprice, neg_8).histogram;
t0_pos := semijoin(car_carprice, pos_6).histogram; t0_neg := semijoin(car_carprice, neg_6).histogram;
t10_pos := semijoin(car_category, pos_10).histogram; t10_neg := semijoin(car_category, neg_10).histogram;
 printf("#~BeginVariableOutput~#\n"); cpu.print;memory.print;io.print; printf("#~EndVariableOutput~#\n"); # bbp.print;
t9_pos.count.print; print("end");
#~BeginVariableOutput~#
#-------------------------#
# BAT:		  cpu	  #
# (str)		  (int)	  #
#-------------------------#
[ "elapsed",	  1	  ]
[ "user",	  1520	  ]
[ "elapuser",	  60	  ]
[ "system",	  130	  ]
[ "elapsystem",	  0	  ]
#---------------------------------#
# BAT:		  mem		  #
# (str)		  (int)		  #
#---------------------------------#
[ "memincr",	  0		  ]
[ "arena",	  9756656	  ]
[ "ordblks",	  289		  ]
[ "smblks",	  7648		  ]
[ "hblkhd",	  15296		  ]
[ "hblks",	  478		  ]
[ "usmblks",	  345568	  ]
[ "fsmblks",	  407584	  ]
[ "uordblks",	  7279576	  ]
[ "fordblks",	  1708632	  ]
#-------------------------#
# BAT:		  io	  #
# (str)		  (int)	  #
#-------------------------#
[ "maxrss",	  13808	  ]
[ "minflt",	  276	  ]
[ "majflt",	  0	  ]
[ "nswap",	  0	  ]
[ "inblock",	  5	  ]
[ "oublock",	  6	  ]
[ "nvcsw",	  6	  ]
[ "ninvcsw",	  87	  ]
#~EndVariableOutput~#
[ 9 ]
[ "end" ]
t9_neg.count.print; print("end");
[ 9 ]
[ "end" ]
t6_pos.count.print; print("end");
[ 9 ]
[ "end" ]
t6_neg.count.print; print("end");
[ 9 ]
[ "end" ]
t4_pos.count.print; print("end");
[ 9 ]
[ "end" ]
t4_neg.count.print; print("end");
[ 9 ]
[ "end" ]
t0_pos.count.print; print("end");
[ 9 ]
[ "end" ]
t0_neg.count.print; print("end");
[ 9 ]
[ "end" ]
t10_pos.count.print; print("end");
[ 2 ]
[ "end" ]
t10_neg.count.print; print("end");
[ 2 ]
[ "end" ]
commit; printf("#~BeginVariableOutput~#\n"); cpu.print;memory.print;io.print; printf("#~EndVariableOutput~#\n"); # bbp.print;
t7_pos := semijoin(car_category, pos_9).histogram; t7_neg := semijoin(car_category, neg_9).histogram;
#~BeginVariableOutput~#
#-------------------------#
# BAT:		  cpu	  #
# (str)		  (int)	  #
#-------------------------#
[ "elapsed",	  1	  ]
[ "user",	  1530	  ]
[ "elapuser",	  10	  ]
[ "system",	  130	  ]
[ "elapsystem",	  0	  ]
#---------------------------------#
# BAT:		  mem		  #
# (str)		  (int)		  #
#---------------------------------#
[ "memincr",	  0		  ]
[ "arena",	  9756656	  ]
[ "ordblks",	  289		  ]
[ "smblks",	  7648		  ]
[ "hblkhd",	  15296		  ]
[ "hblks",	  478		  ]
[ "usmblks",	  347904	  ]
[ "fsmblks",	  405248	  ]
[ "uordblks",	  7279576	  ]
[ "fordblks",	  1708632	  ]
#-------------------------#
# BAT:		  io	  #
# (str)		  (int)	  #
#-------------------------#
[ "maxrss",	  13824	  ]
[ "minflt",	  276	  ]
[ "majflt",	  0	  ]
[ "nswap",	  0	  ]
[ "inblock",	  5	  ]
[ "oublock",	  6	  ]
[ "nvcsw",	  6	  ]
[ "ninvcsw",	  88	  ]
#~EndVariableOutput~#
t1_pos := semijoin(car_category, pos_6).histogram; t1_neg := semijoin(car_category, neg_6).histogram;
t3_pos := semijoin(car_gender, pos_8).histogram; t3_neg := semijoin(car_gender, neg_8).histogram;
t11_pos := semijoin(car_town, pos_10).histogram; t11_neg := semijoin(car_town, neg_10).histogram;
t2_pos := semijoin(car_town, pos_6).histogram; t2_neg := semijoin(car_town, neg_6).histogram;
 printf("#~BeginVariableOutput~#\n"); cpu.print;memory.print;io.print; printf("#~EndVariableOutput~#\n"); # bbp.print;
t7_pos.count.print; print("end");
#~BeginVariableOutput~#
#-------------------------#
# BAT:		  cpu	  #
# (str)		  (int)	  #
#-------------------------#
[ "elapsed",	  2	  ]
[ "user",	  1600	  ]
[ "elapuser",	  70	  ]
[ "system",	  130	  ]
[ "elapsystem",	  0	  ]
#---------------------------------#
# BAT:		  mem		  #
# (str)		  (int)		  #
#---------------------------------#
[ "memincr",	  0		  ]
[ "arena",	  9756656	  ]
[ "ordblks",	  291		  ]
[ "smblks",	  7648		  ]
[ "hblkhd",	  15296		  ]
[ "hblks",	  478		  ]
[ "usmblks",	  347552	  ]
[ "fsmblks",	  405600	  ]
[ "uordblks",	  5904536	  ]
[ "fordblks",	  3083672	  ]
#-------------------------#
# BAT:		  io	  #
# (str)		  (int)	  #
#-------------------------#
[ "maxrss",	  13936	  ]
[ "minflt",	  276	  ]
[ "majflt",	  0	  ]
[ "nswap",	  0	  ]
[ "inblock",	  5	  ]
[ "oublock",	  6	  ]
[ "nvcsw",	  6	  ]
[ "ninvcsw",	  89	  ]
#~EndVariableOutput~#
[ 2 ]
[ "end" ]
t7_neg.count.print; print("end");
[ 2 ]
[ "end" ]
t1_pos.count.print; print("end");
[ 2 ]
[ "end" ]
t1_neg.count.print; print("end");
[ 2 ]
[ "end" ]
t3_pos.count.print; print("end");
[ 2 ]
[ "end" ]
t3_neg.count.print; print("end");
[ 2 ]
[ "end" ]
t11_pos.count.print; print("end");
[ 10 ]
[ "end" ]
t11_neg.count.print; print("end");
[ 10 ]
[ "end" ]
t2_pos.count.print; print("end");
[ 10 ]
[ "end" ]
t2_neg.count.print; print("end");
[ 10 ]
[ "end" ]
commit;  printf("#~BeginVariableOutput~#\n"); cpu.print;memory.print;io.print; printf("#~EndVariableOutput~#\n"); # bbp.print;
t8_pos := semijoin(car_town, pos_9).histogram; t8_neg := semijoin(car_town, neg_9).histogram;
#~BeginVariableOutput~#
#-------------------------#
# BAT:		  cpu	  #
# (str)		  (int)	  #
#-------------------------#
[ "elapsed",	  2	  ]
[ "user",	  1610	  ]
[ "elapuser",	  10	  ]
[ "system",	  130	  ]
[ "elapsystem",	  0	  ]
#---------------------------------#
# BAT:		  mem		  #
# (str)		  (int)		  #
#---------------------------------#
[ "memincr",	  0		  ]
[ "arena",	  9756656	  ]
[ "ordblks",	  291		  ]
[ "smblks",	  7648		  ]
[ "hblkhd",	  15296		  ]
[ "hblks",	  478		  ]
[ "usmblks",	  349888	  ]
[ "fsmblks",	  403264	  ]
[ "uordblks",	  5904536	  ]
[ "fordblks",	  3083672	  ]
#-------------------------#
# BAT:		  io	  #
# (str)		  (int)	  #
#-------------------------#
[ "maxrss",	  13936	  ]
[ "minflt",	  276	  ]
[ "majflt",	  0	  ]
[ "nswap",	  0	  ]
[ "inblock",	  5	  ]
[ "oublock",	  6	  ]
[ "nvcsw",	  6	  ]
[ "ninvcsw",	  89	  ]
#~EndVariableOutput~#
t5_pos := semijoin(car_town, pos_8).histogram; t5_neg := semijoin(car_town, neg_8).histogram;
 printf("#~BeginVariableOutput~#\n"); cpu.print;memory.print;io.print; printf("#~EndVariableOutput~#\n"); # bbp.print;
t8_pos.count.print; print("end");
#~BeginVariableOutput~#
#-------------------------#
# BAT:		  cpu	  #
# (str)		  (int)	  #
#-------------------------#
[ "elapsed",	  2	  ]
[ "user",	  1630	  ]
[ "elapuser",	  20	  ]
[ "system",	  130	  ]
[ "elapsystem",	  0	  ]
#---------------------------------#
# BAT:		  mem		  #
# (str)		  (int)		  #
#---------------------------------#
[ "memincr",	  0		  ]
[ "arena",	  9756656	  ]
[ "ordblks",	  296		  ]
[ "smblks",	  7648		  ]
[ "hblkhd",	  15296		  ]
[ "hblks",	  478		  ]
[ "usmblks",	  349024	  ]
[ "fsmblks",	  404128	  ]
[ "uordblks",	  6039312	  ]
[ "fordblks",	  2948896	  ]
#-------------------------#
# BAT:		  io	  #
# (str)		  (int)	  #
#-------------------------#
[ "maxrss",	  13936	  ]
[ "minflt",	  276	  ]
[ "majflt",	  0	  ]
[ "nswap",	  0	  ]
[ "inblock",	  5	  ]
[ "oublock",	  6	  ]
[ "nvcsw",	  6	  ]
[ "ninvcsw",	  105	  ]
#~EndVariableOutput~#
[ 10 ]
[ "end" ]
t8_neg.count.print; print("end");
[ 10 ]
[ "end" ]
t5_pos.count.print; print("end");
[ 10 ]
[ "end" ]
t5_neg.count.print; print("end");
[ 10 ]
[ "end" ]
commit;  printf("#~BeginVariableOutput~#\n"); cpu.print;memory.print;io.print; printf("#~EndVariableOutput~#\n"); # bbp.print; 
tmp0 := car_gender.select('f'); pos_11 := semijoin(tmp0, pos_8); neg_11 := semijoin(tmp0, neg_8);
#~BeginVariableOutput~#
#-------------------------#
# BAT:		  cpu	  #
# (str)		  (int)	  #
#-------------------------#
[ "elapsed",	  2	  ]
[ "user",	  1640	  ]
[ "elapuser",	  10	  ]
[ "system",	  130	  ]
[ "elapsystem",	  0	  ]
#---------------------------------#
# BAT:		  mem		  #
# (str)		  (int)		  #
#---------------------------------#
[ "memincr",	  0		  ]
[ "arena",	  9756656	  ]
[ "ordblks",	  296		  ]
[ "smblks",	  7648		  ]
[ "hblkhd",	  15296		  ]
[ "hblks",	  478		  ]
[ "usmblks",	  351520	  ]
[ "fsmblks",	  401632	  ]
[ "uordblks",	  6039312	  ]
[ "fordblks",	  2948896	  ]
#-------------------------#
# BAT:		  io	  #
# (str)		  (int)	  #
#-------------------------#
[ "maxrss",	  13936	  ]
[ "minflt",	  276	  ]
[ "majflt",	  0	  ]
[ "nswap",	  0	  ]
[ "inblock",	  5	  ]
[ "oublock",	  6	  ]
[ "nvcsw",	  6	  ]
[ "ninvcsw",	  105	  ]
#~EndVariableOutput~#
 printf("#~BeginVariableOutput~#\n"); cpu.print;memory.print;io.print; printf("#~EndVariableOutput~#\n"); # bbp.print;
commit;
#~BeginVariableOutput~#
#-------------------------#
# BAT:		  cpu	  #
# (str)		  (int)	  #
#-------------------------#
[ "elapsed",	  2	  ]
[ "user",	  1680	  ]
[ "elapuser",	  40	  ]
[ "system",	  140	  ]
[ "elapsystem",	  10	  ]
#---------------------------------#
# BAT:		  mem		  #
# (str)		  (int)		  #
#---------------------------------#
[ "memincr",	  0		  ]
[ "arena",	  9756656	  ]
[ "ordblks",	  300		  ]
[ "smblks",	  7648		  ]
[ "hblkhd",	  15296		  ]
[ "hblks",	  478		  ]
[ "usmblks",	  349152	  ]
[ "fsmblks",	  404000	  ]
[ "uordblks",	  6361184	  ]
[ "fordblks",	  2627024	  ]
#-------------------------#
# BAT:		  io	  #
# (str)		  (int)	  #
#-------------------------#
[ "maxrss",	  14528	  ]
[ "minflt",	  277	  ]
[ "majflt",	  0	  ]
[ "nswap",	  0	  ]
[ "inblock",	  5	  ]
[ "oublock",	  6	  ]
[ "nvcsw",	  6	  ]
[ "ninvcsw",	  106	  ]
#~EndVariableOutput~#
t0_pos := semijoin(car_carprice, pos_11).histogram; t0_neg := semijoin(car_carprice, neg_11).histogram;
t1_pos := semijoin(car_town, pos_11).histogram; t1_neg := semijoin(car_town, neg_11).histogram;
 printf("#~BeginVariableOutput~#\n"); cpu.print;memory.print;io.print; printf("#~EndVariableOutput~#\n"); # bbp.print;
t0_pos.count.print; print("end");
#~BeginVariableOutput~#
#-------------------------#
# BAT:		  cpu	  #
# (str)		  (int)	  #
#-------------------------#
[ "elapsed",	  2	  ]
[ "user",	  1700	  ]
[ "elapuser",	  20	  ]
[ "system",	  140	  ]
[ "elapsystem",	  0	  ]
#---------------------------------#
# BAT:		  mem		  #
# (str)		  (int)		  #
#---------------------------------#
[ "memincr",	  0		  ]
[ "arena",	  9756656	  ]
[ "ordblks",	  305		  ]
[ "smblks",	  7648		  ]
[ "hblkhd",	  15296		  ]
[ "hblks",	  478		  ]
[ "usmblks",	  351328	  ]
[ "fsmblks",	  401824	  ]
[ "uordblks",	  6243032	  ]
[ "fordblks",	  2745176	  ]
#-------------------------#
# BAT:		  io	  #
# (str)		  (int)	  #
#-------------------------#
[ "maxrss",	  14544	  ]
[ "minflt",	  277	  ]
[ "majflt",	  0	  ]
[ "nswap",	  0	  ]
[ "inblock",	  5	  ]
[ "oublock",	  6	  ]
[ "nvcsw",	  6	  ]
[ "ninvcsw",	  106	  ]
#~EndVariableOutput~#
[ 9 ]
[ "end" ]
t0_neg.count.print; print("end");
[ 9 ]
[ "end" ]
t1_pos.count.print; print("end");
[ 10 ]
[ "end" ]
t1_neg.count.print; print("end");
[ 10 ]
[ "end" ]
#> Mlog:	sh summary
#~BeginVariableOutput~#
"elapuser "elapsyst "inblock" "oublock" "majflt", "ninvcsw" "elapsed"
120       40        5         4         0         9         0
120       0         5         4         0         16        0
10        10        5         6         0         20        0
190       10        5         6         0         23        0
130       10        5         6         0         30        0
20        0         5         6         0         56        0
180       0         5         6         0         67        1
10        0         5         6         0         67        1
150       10        5         6         0         71        1
10        0         5         6         0         71        1
260       10        5         6         0         81        1
10        0         5         6         0         81        1
120       20        5         6         0         85        1
60        0         5         6         0         87        1
10        0         5         6         0         88        1
70        0         5         6         0         89        2
10        0         5         6         0         89        2
20        0         5         6         0         105       2
10        0         5         6         0         105       2
40        10        5         6         0         106       2
20        0         5         6         0         106       2
--------- --------- --------- --------- --------- --------- ---------
1570      120       105       122       0         1452      21
#~EndVariableOutput~#
