stdout of test 'test_65` in directory 'tests/suite_00` itself:

#> Mtest:	milS test_65 milS
#> Mtest:	Mtimeout -timeout 210 Mserver -modulesilent -yaccsilent -d8 -db tests_suite_00 -single test_65.milS
# Monet Database Server V4.1
# Copyright (c) 1993-1999, CWI & SION. All rights reserved.
# compiled for IRIX646.5/32bit on Fri Jan 14 01:04:33 MET 2000.
#script:test_65.milS

loaded;
#---------------------------------#
# module	| usage_count	  #
#---------------------------------#
[ "algebra",	  1		  ]
[ "arith",	  1		  ]
[ "bat",	  1		  ]
[ "kernel",	  1		  ]
[ "str",	  1		  ]
[ "sys",	  1		  ]
[ "trans",	  1		  ]

Try: modules;                - for other modules.
     ls;                     - for persistent bat listing.
     sigs("<module>")        - for available commands per module.
     help("<command>")       - for help one-liner for a command.

#You are system administrator (adm)!
setoid(oid(20000000));
#test sampling
b:= new(int,int);
b.insert(1,15);
b.insert(2,4);
b.insert(3,int(nil));
b.insert(4,16);
b.insert(5,25);
b.insert(6,36);
b.insert(7,49);
b.insert(8,64);
b.insert(9,int(nil));

printf("#~BeginVariableOutput~#\n"); b.sample(1).print; printf("#~EndVariableOutput~#\n");
#~BeginVariableOutput~#
#-----------------#
# BAT:	  tmp_26  #
# (int)	  (int)	  #
#-----------------#
[ 7,	  49	  ]
#~EndVariableOutput~#
printf("#~BeginVariableOutput~#\n"); b.sample(1).print; printf("#~EndVariableOutput~#\n");
#~BeginVariableOutput~#
#-----------------#
# BAT:	  tmp_26  #
# (int)	  (int)	  #
#-----------------#
[ 4,	  16	  ]
#~EndVariableOutput~#

printf("#~BeginVariableOutput~#\n"); b.sample(9).print; printf("#~EndVariableOutput~#\n");
#~BeginVariableOutput~#
#-----------------#
# BAT:	  tmp_26  #
# (int)	  (int)	  #
#-----------------#
[ 1,	  15	  ]
[ 2,	  4	  ]
[ 3,	  nil	  ]
[ 4,	  16	  ]
[ 5,	  25	  ]
[ 6,	  36	  ]
[ 7,	  49	  ]
[ 8,	  64	  ]
[ 9,	  nil	  ]
#~EndVariableOutput~#

b.sample(0).print;
#-----------------#
# BAT:	  tmp_26  #
# (int)	  (int)	  #
#-----------------#
quit;
