stdout of test 'test_80` in directory 'tests/suite_00` itself:

#> Mtest:	milS test_80 milS
#> Mtest:	Mtimeout -timeout 210 Mserver -modulesilent -yaccsilent -d8 -db tests_suite_00 -single test_80.milS
# Monet Database Server V4.1
# Copyright (c) 1993-1999, CWI & SION. All rights reserved.
# compiled for IRIX646.5/32bit on Fri Jan 14 01:04:33 MET 2000.
#script:test_80.milS

loaded;
#---------------------------------#
# module	| usage_count	  #
#---------------------------------#
[ "algebra",	  1		  ]
[ "arith",	  1		  ]
[ "bat",	  1		  ]
[ "kernel",	  1		  ]
[ "str",	  1		  ]
[ "sys",	  1		  ]
[ "trans",	  1		  ]

Try: modules;                - for other modules.
     ls;                     - for persistent bat listing.
     sigs("<module>")        - for available commands per module.
     help("<command>")       - for help one-liner for a command.

#You are system administrator (adm)!
setoid(oid(20000000));
# Testing key and set constraints ;
b:= new(int,int);
b.key(true);
insert(b,1,2);
insert(b,2,2);
print(b);
#-----------------#
# BAT:	  tmp_25  #
# (int)	  (int)	  #
#-----------------#
[ 1,	  2	  ]
[ 2,	  2	  ]
insert(b,1,3);
print(b);
#-----------------#
# BAT:	  tmp_25  #
# (int)	  (int)	  #
#-----------------#
[ 1,	  3	  ]
[ 2,	  2	  ]
insert(b,2,4);
print(b);
#-----------------#
# BAT:	  tmp_25  #
# (int)	  (int)	  #
#-----------------#
[ 1,	  3	  ]
[ 2,	  4	  ]
c:= new(int,int);
set(c,true);
insert(c,1,2);
insert(c,2,2);
print(c);
#-----------------#
# BAT:	  tmp_26  #
# (int)	  (int)	  #
#-----------------#
[ 1,	  2	  ]
[ 2,	  2	  ]
insert(c,1,2);
print(c);
#-----------------#
# BAT:	  tmp_26  #
# (int)	  (int)	  #
#-----------------#
[ 1,	  2	  ]
[ 2,	  2	  ]
insert(c,2,2);
print(c);
#-----------------#
# BAT:	  tmp_26  #
# (int)	  (int)	  #
#-----------------#
[ 1,	  2	  ]
[ 2,	  2	  ]
quit;
