stdout of test 'test_02` in directory 'tests/suite_06` itself:

#> Mtest:	milS test_02 milS
#> Mtest:	Mtimeout -timeout 210 Mserver -modulesilent -yaccsilent -d8 -db tests_suite_06 -single test_02.milS
# Monet Database Server V4.1
# Copyright (c) 1993-1999, CWI & SION. All rights reserved.
# compiled for IRIX646.5/32bit on Fri Jan 14 19:36:03 MET 2000.
#script:test_02.milS

loaded;
#---------------------------------#
# module	| usage_count	  #
#---------------------------------#
[ "algebra",	  1		  ]
[ "arith",	  1		  ]
[ "bat",	  1		  ]
[ "kernel",	  1		  ]
[ "str",	  1		  ]
[ "sys",	  1		  ]
[ "trans",	  1		  ]

Try: modules;                - for other modules.
     ls;                     - for persistent bat listing.
     sigs("<module>")        - for available commands per module.
     help("<command>")       - for help one-liner for a command.

#You are system administrator (adm)!
setoid(oid(20000000));
#check out arithmatic against using Multi-cast operator

t:= new(int, int);
t.insert(1,2);
t.insert(3,6);
t.insert(13,14);
t.insert(17,16);
t.insert(19,18);
t.insert(5,8);
t.insert(7,10);
t.insert(2,4);
t.insert(11,12);

#A quick mechanism to create an initialized BAT
z:= new(int,str);
z.[insert](t,"hello");
!ERROR: interpret: no matching MIL operator to '[insert](BAT[int,str], BAT[int,int], str)'.
!MAYBE YOU MEAN:
!	insert(BAT[any::1,any::2], BAT[any::1,any::2]) : BAT[any::1,any::2]
!	insert(BAT[any::1,any::2], any::1, any::2) : BAT[any::1,any::2]
z.print;
#-----------------#
# BAT:	  tmp_26  #
# (int)	  (str)	  #
#-----------------#

quit;
